[tomato-timer.com/index.html]
[backblue.gif]
[fade.gif]
[index.html]
[tomato-timer.com/apple-touch-icon.png]
[tomato-timer.com/favicon-32x32.png]
[tomato-timer.com/favicon-16x16.png]
[tomato-timer.com/manifest.json]
[tomato-timer.com/safari-pinned-tab.svg]
[tomato-timer.com/foundation/stylesheets/foundation.css]
[tomato-timer.com/app.css]
[tomato-timer.com/foundation/javascripts/foundation.min.js]
[tomato-timer.com/howler2.min.js]
[cdnjs.cloudflare.com/ajax/libs/moment.js/2.20.1/moment-with-locales.min.js]
[ajax.googleapis.com/ajax/libs/jquery/2.0.3/jquery.min.js]
[tomato-timer.com/timer_fixes/HackTimer.js]
[tomato-timer.com/timer_fixes/HackTimerWorker.js]
[tomato-timer.com/notify.js]
[cdn.carbonads.com/carbon9e92.js]
[tomato-timer.com/jquery.countdown.js]
[tomato-timer.com/index.html]
[tomato-timer.com/safari-pinned-tab.svg]
[tomato-timer.com/tomato_2.js]
[tomato-timer.com/foundation/images/foundation/orbit/rotator-black.png]
[tomato-timer.com/foundation/images/foundation/orbit/timer-black.png]
[tomato-timer.com/foundation/images/foundation/orbit/pause-black.png]
[tomato-timer.com/foundation/images/foundation/orbit/right-arrow.png]
[tomato-timer.com/foundation/images/foundation/orbit/left-arrow.png]
[tomato-timer.com/foundation/images/foundation/orbit/right-arrow-small.png]
[tomato-timer.com/foundation/images/foundation/orbit/left-arrow-small.png]
[tomato-timer.com/foundation/images/foundation/orbit/bullets.jpg]
[tomato-timer.com/foundation/stylesheets/foundation.css]
[tomato-timer.com/app.css]
